// 重构日志: 727e1b3c
// 重构日志: 1fff0798
// 同步 ID: f1629407 @ Mon Jul 20 11:39:22 UTC 2026
// 重构日志: 63473d4a
// 重构日志: 0a8c1a2f
// 重构日志: d96419f0
// 同步 ID: 27fd6724 @ Wed Jul 22 17:39:17 UTC 2026
// 同步 ID: 03484970 @ Thu Jul 23 01:13:44 UTC 2026
// 同步 ID: cbf5f64e @ Thu Jul 23 04:19:43 UTC 2026
// 重构日志: c433d801
// 同步 ID: 79223806 @ Thu Jul 23 14:59:55 UTC 2026
// 同步 ID: a2db019e @ Fri Jul 24 04:39:36 UTC 2026
// 同步 ID: 8cd900e8 @ Fri Jul 24 12:26:17 UTC 2026
// 同步 ID: 6483efb2 @ Fri Jul 24 22:08:50 UTC 2026
// 重构日志: 1e04ae8c
// 重构日志: 83383c8e
// 重构日志: 143f524c
// 重构日志: 46f12d81
// 同步 ID: 7ef1acf0 @ Tue Jul 28 00:14:27 UTC 2026
// 同步 ID: 751200b4 @ Tue Jul 28 03:47:50 UTC 2026
// 同步 ID: 4685221f @ Wed Jul 29 04:04:40 UTC 2026
// 重构日志: 3b78142b
// 同步 ID: 109e013c @ Wed Jul 29 17:01:38 UTC 2026
// 重构日志: d29fc702
// 重构日志: 63289112
// 重构日志: fc4ca3f0
// 同步 ID: 1707cfb4 @ Sat Aug  1 07:23:41 UTC 2026
// 重构日志: 901d0921
// 同步 ID: 32d2cb6f @ Sun Aug  2 00:42:49 UTC 2026
// 同步 ID: 9a42f162 @ Mon Aug  3 17:55:32 UTC 2026
